2025-07-24 14:12:23,062 INFO: Starting MTG processing pipeline...
2025-07-24 14:12:23,077 INFO: Processing timestamp 2025-05-22 00:00:00 (1/144)
/home/Daniele/miniforge3/envs/satpy/lib/python3.10/site-packages/satpy/modifiers/parallax.py:280: UserWarning: Overlap checking not implemented. Waiting for fix for https://github.com/pytroll/pyresample/issues/329
  return self.corrected_area(cth_dataset, **kwargs)
/home/Daniele/miniforge3/envs/satpy/lib/python3.10/site-packages/pyproj/crs/crs.py:1295: UserWarning: You will likely lose important projection information when converting to a PROJ string from another format. See: https://proj.org/faq.html#what-is-the-best-format-for-describing-coordinate-reference-systems
  proj = self._crs.to_proj4(version=version)
2025-07-24 14:12:54,303 INFO: Determine bucket resampling indices
2025-07-24 14:12:56,789 INFO: Get max of values in each location
2025-07-24 14:13:06,405 INFO: Get min of values in each location
2025-07-24 14:13:15,956 INFO: Get max of values in each location
2025-07-24 14:13:25,045 INFO: Get min of values in each location
2025-07-24 14:13:34,141 INFO: Using default KDTree resampler
/home/Daniele/miniforge3/envs/satpy/lib/python3.10/site-packages/pyresample/kd_tree.py:1153: PerformanceWarning: Increasing number of chunks by factor of 10
  res = blockwise(_my_index, dst_adims,
2025-07-24 14:16:16,219 INFO: Processing timestamp 2025-05-22 00:10:00 (2/144)
/home/Daniele/miniforge3/envs/satpy/lib/python3.10/site-packages/satpy/modifiers/parallax.py:280: UserWarning: Overlap checking not implemented. Waiting for fix for https://github.com/pytroll/pyresample/issues/329
  return self.corrected_area(cth_dataset, **kwargs)
/home/Daniele/miniforge3/envs/satpy/lib/python3.10/site-packages/pyproj/crs/crs.py:1295: UserWarning: You will likely lose important projection information when converting to a PROJ string from another format. See: https://proj.org/faq.html#what-is-the-best-format-for-describing-coordinate-reference-systems
  proj = self._crs.to_proj4(version=version)
2025-07-24 14:16:47,655 INFO: Determine bucket resampling indices
2025-07-24 14:16:50,227 INFO: Get max of values in each location
2025-07-24 14:16:59,817 INFO: Get min of values in each location
2025-07-24 14:17:09,420 INFO: Get max of values in each location
2025-07-24 14:17:18,488 INFO: Get min of values in each location
2025-07-24 14:17:27,609 INFO: Using default KDTree resampler
/home/Daniele/miniforge3/envs/satpy/lib/python3.10/site-packages/pyresample/kd_tree.py:1153: PerformanceWarning: Increasing number of chunks by factor of 10
  res = blockwise(_my_index, dst_adims,
2025-07-24 14:20:08,980 INFO: Processing timestamp 2025-05-22 00:20:00 (3/144)
/home/Daniele/miniforge3/envs/satpy/lib/python3.10/site-packages/satpy/modifiers/parallax.py:280: UserWarning: Overlap checking not implemented. Waiting for fix for https://github.com/pytroll/pyresample/issues/329
  return self.corrected_area(cth_dataset, **kwargs)
/home/Daniele/miniforge3/envs/satpy/lib/python3.10/site-packages/pyproj/crs/crs.py:1295: UserWarning: You will likely lose important projection information when converting to a PROJ string from another format. See: https://proj.org/faq.html#what-is-the-best-format-for-describing-coordinate-reference-systems
  proj = self._crs.to_proj4(version=version)
2025-07-24 14:20:39,749 INFO: Determine bucket resampling indices
2025-07-24 14:20:42,346 INFO: Get max of values in each location
2025-07-24 14:20:52,038 INFO: Get min of values in each location
2025-07-24 14:21:01,882 INFO: Get max of values in each location
2025-07-24 14:21:11,047 INFO: Get min of values in each location
2025-07-24 14:21:20,225 INFO: Using default KDTree resampler
/home/Daniele/miniforge3/envs/satpy/lib/python3.10/site-packages/pyresample/kd_tree.py:1153: PerformanceWarning: Increasing number of chunks by factor of 10
  res = blockwise(_my_index, dst_adims,
2025-07-24 14:24:03,328 INFO: Processing timestamp 2025-05-22 00:30:00 (4/144)
/home/Daniele/miniforge3/envs/satpy/lib/python3.10/site-packages/satpy/modifiers/parallax.py:280: UserWarning: Overlap checking not implemented. Waiting for fix for https://github.com/pytroll/pyresample/issues/329
  return self.corrected_area(cth_dataset, **kwargs)
/home/Daniele/miniforge3/envs/satpy/lib/python3.10/site-packages/pyproj/crs/crs.py:1295: UserWarning: You will likely lose important projection information when converting to a PROJ string from another format. See: https://proj.org/faq.html#what-is-the-best-format-for-describing-coordinate-reference-systems
  proj = self._crs.to_proj4(version=version)
2025-07-24 14:24:34,723 INFO: Determine bucket resampling indices
2025-07-24 14:24:37,311 INFO: Get max of values in each location
2025-07-24 14:24:46,956 INFO: Get min of values in each location
2025-07-24 14:24:56,607 INFO: Get max of values in each location
2025-07-24 14:25:05,746 INFO: Get min of values in each location
2025-07-24 14:25:14,908 INFO: Using default KDTree resampler
/home/Daniele/miniforge3/envs/satpy/lib/python3.10/site-packages/pyresample/kd_tree.py:1153: PerformanceWarning: Increasing number of chunks by factor of 10
  res = blockwise(_my_index, dst_adims,
2025-07-24 14:27:54,571 INFO: Processing timestamp 2025-05-22 00:40:00 (5/144)
/home/Daniele/miniforge3/envs/satpy/lib/python3.10/site-packages/satpy/modifiers/parallax.py:280: UserWarning: Overlap checking not implemented. Waiting for fix for https://github.com/pytroll/pyresample/issues/329
  return self.corrected_area(cth_dataset, **kwargs)
/home/Daniele/miniforge3/envs/satpy/lib/python3.10/site-packages/pyproj/crs/crs.py:1295: UserWarning: You will likely lose important projection information when converting to a PROJ string from another format. See: https://proj.org/faq.html#what-is-the-best-format-for-describing-coordinate-reference-systems
  proj = self._crs.to_proj4(version=version)
2025-07-24 14:28:25,253 INFO: Determine bucket resampling indices
2025-07-24 14:28:27,843 INFO: Get max of values in each location
2025-07-24 14:28:37,536 INFO: Get min of values in each location
2025-07-24 14:28:47,231 INFO: Get max of values in each location
2025-07-24 14:28:56,395 INFO: Get min of values in each location
2025-07-24 14:29:05,590 INFO: Using default KDTree resampler
/home/Daniele/miniforge3/envs/satpy/lib/python3.10/site-packages/pyresample/kd_tree.py:1153: PerformanceWarning: Increasing number of chunks by factor of 10
  res = blockwise(_my_index, dst_adims,
2025-07-24 14:31:42,119 INFO: Processing timestamp 2025-05-22 00:50:00 (6/144)
/home/Daniele/miniforge3/envs/satpy/lib/python3.10/site-packages/satpy/modifiers/parallax.py:280: UserWarning: Overlap checking not implemented. Waiting for fix for https://github.com/pytroll/pyresample/issues/329
  return self.corrected_area(cth_dataset, **kwargs)
/home/Daniele/miniforge3/envs/satpy/lib/python3.10/site-packages/pyproj/crs/crs.py:1295: UserWarning: You will likely lose important projection information when converting to a PROJ string from another format. See: https://proj.org/faq.html#what-is-the-best-format-for-describing-coordinate-reference-systems
  proj = self._crs.to_proj4(version=version)
2025-07-24 14:32:13,568 INFO: Determine bucket resampling indices
2025-07-24 14:32:16,192 INFO: Get max of values in each location
2025-07-24 14:32:25,838 INFO: Get min of values in each location
2025-07-24 14:32:35,503 INFO: Get max of values in each location
2025-07-24 14:32:44,637 INFO: Get min of values in each location
2025-07-24 14:32:53,759 INFO: Using default KDTree resampler
/home/Daniele/miniforge3/envs/satpy/lib/python3.10/site-packages/pyresample/kd_tree.py:1153: PerformanceWarning: Increasing number of chunks by factor of 10
  res = blockwise(_my_index, dst_adims,
2025-07-24 14:35:35,125 INFO: Processing timestamp 2025-05-22 01:00:00 (7/144)
/home/Daniele/miniforge3/envs/satpy/lib/python3.10/site-packages/satpy/modifiers/parallax.py:280: UserWarning: Overlap checking not implemented. Waiting for fix for https://github.com/pytroll/pyresample/issues/329
  return self.corrected_area(cth_dataset, **kwargs)
/home/Daniele/miniforge3/envs/satpy/lib/python3.10/site-packages/pyproj/crs/crs.py:1295: UserWarning: You will likely lose important projection information when converting to a PROJ string from another format. See: https://proj.org/faq.html#what-is-the-best-format-for-describing-coordinate-reference-systems
  proj = self._crs.to_proj4(version=version)
2025-07-24 14:36:06,477 INFO: Determine bucket resampling indices
2025-07-24 14:36:09,057 INFO: Get max of values in each location
2025-07-24 14:36:18,807 INFO: Get min of values in each location
2025-07-24 14:36:28,492 INFO: Get max of values in each location
2025-07-24 14:36:37,634 INFO: Get min of values in each location
2025-07-24 14:36:46,781 INFO: Using default KDTree resampler
/home/Daniele/miniforge3/envs/satpy/lib/python3.10/site-packages/pyresample/kd_tree.py:1153: PerformanceWarning: Increasing number of chunks by factor of 10
  res = blockwise(_my_index, dst_adims,
2025-07-24 14:39:31,149 INFO: Processing timestamp 2025-05-22 01:10:00 (8/144)
Found 432 MTG files.
Found 142 CTH files.
['/home/Daniele/data/data_for_parallax/mtg/2025/05/22/W_XX-EUMETSAT-Darmstadt,IMG+SAT,MTI1+FCI-1C-RRAD-HRFI-FD--CHK-BODY---NC4E_C_EUMT_20250522001048_IDPFI_OPE_20250522000810_20250522000857_N__O_0001_0035.nc', '/home/Daniele/data/data_for_parallax/mtg/2025/05/22/W_XX-EUMETSAT-Darmstadt,IMG+SAT,MTI1+FCI-1C-RRAD-HRFI-FD--CHK-BODY---NC4E_C_EUMT_20250522001055_IDPFI_OPE_20250522000826_20250522000911_N__O_0001_0036.nc', '/home/Daniele/data/data_for_parallax/mtg/2025/05/22/W_XX-EUMETSAT-Darmstadt,IMG+SAT,MTI1+FCI-1C-RRAD-HRFI-FD--CHK-BODY---NC4E_C_EUMT_20250522001102_IDPFI_OPE_20250522000834_20250522000917_N__O_0001_0037.nc'] ['/home/Daniele/data/data_for_parallax/oca/2025/05/22/W_XX-EUMETSAT-Darmstadt,IMG+SAT,MTI1+FCI-2-OCA--FD------NC4E_C_EUMT_20250522001511_L2PF_OPE_20250522000000_20250522001000_N__C_0001_0000.nc']
Corrupted MTG files: False
Processing 2025-05-22 00:00:00 for channel ir_105
Checking for original coords at /home/Daniele/data/data_for_parallax/mtg/ir_105_original_coords.nc
Original coords for ir_105 already exist at /home/Daniele/data/data_for_parallax/mtg/ir_105_original_coords.nc, skipping.
Using satellite long and lat: 0.0, 0.0
Using satellite altitude from attributes: 35786.3984375 km
['/home/Daniele/data/data_for_parallax/mtg/2025/05/22/W_XX-EUMETSAT-Darmstadt,IMG+SAT,MTI1+FCI-1C-RRAD-HRFI-FD--CHK-BODY---NC4E_C_EUMT_20250522002053_IDPFI_OPE_20250522001810_20250522001857_N__O_0002_0035.nc', '/home/Daniele/data/data_for_parallax/mtg/2025/05/22/W_XX-EUMETSAT-Darmstadt,IMG+SAT,MTI1+FCI-1C-RRAD-HRFI-FD--CHK-BODY---NC4E_C_EUMT_20250522002105_IDPFI_OPE_20250522001826_20250522001911_N__O_0002_0036.nc', '/home/Daniele/data/data_for_parallax/mtg/2025/05/22/W_XX-EUMETSAT-Darmstadt,IMG+SAT,MTI1+FCI-1C-RRAD-HRFI-FD--CHK-BODY---NC4E_C_EUMT_20250522002106_IDPFI_OPE_20250522001834_20250522001917_N__O_0002_0037.nc'] ['/home/Daniele/data/data_for_parallax/oca/2025/05/22/W_XX-EUMETSAT-Darmstadt,IMG+SAT,MTI1+FCI-2-OCA--FD------NC4E_C_EUMT_20250522002457_L2PF_OPE_20250522001000_20250522002000_N__C_0002_0000.nc']
Corrupted MTG files: False
Processing 2025-05-22 00:10:00 for channel ir_105
Using satellite long and lat: 0.0, 0.0
Using satellite altitude from attributes: 35786.3984375 km
['/home/Daniele/data/data_for_parallax/mtg/2025/05/22/W_XX-EUMETSAT-Darmstadt,IMG+SAT,MTI1+FCI-1C-RRAD-HRFI-FD--CHK-BODY---NC4E_C_EUMT_20250522003046_IDPFI_OPE_20250522002810_20250522002857_N__O_0003_0035.nc', '/home/Daniele/data/data_for_parallax/mtg/2025/05/22/W_XX-EUMETSAT-Darmstadt,IMG+SAT,MTI1+FCI-1C-RRAD-HRFI-FD--CHK-BODY---NC4E_C_EUMT_20250522003057_IDPFI_OPE_20250522002826_20250522002911_N__O_0003_0036.nc', '/home/Daniele/data/data_for_parallax/mtg/2025/05/22/W_XX-EUMETSAT-Darmstadt,IMG+SAT,MTI1+FCI-1C-RRAD-HRFI-FD--CHK-BODY---NC4E_C_EUMT_20250522003102_IDPFI_OPE_20250522002834_20250522002917_N__O_0003_0037.nc'] ['/home/Daniele/data/data_for_parallax/oca/2025/05/22/W_XX-EUMETSAT-Darmstadt,IMG+SAT,MTI1+FCI-2-OCA--FD------NC4E_C_EUMT_20250522003505_L2PF_OPE_20250522002000_20250522003000_N__C_0003_0000.nc']
Corrupted MTG files: False
Processing 2025-05-22 00:20:00 for channel ir_105
Using satellite long and lat: 0.0, 0.0
Using satellite altitude from attributes: 35786.3984375 km
['/home/Daniele/data/data_for_parallax/mtg/2025/05/22/W_XX-EUMETSAT-Darmstadt,IMG+SAT,MTI1+FCI-1C-RRAD-HRFI-FD--CHK-BODY---NC4E_C_EUMT_20250522004056_IDPFI_OPE_20250522003810_20250522003857_N__O_0004_0035.nc', '/home/Daniele/data/data_for_parallax/mtg/2025/05/22/W_XX-EUMETSAT-Darmstadt,IMG+SAT,MTI1+FCI-1C-RRAD-HRFI-FD--CHK-BODY---NC4E_C_EUMT_20250522004057_IDPFI_OPE_20250522003826_20250522003911_N__O_0004_0036.nc', '/home/Daniele/data/data_for_parallax/mtg/2025/05/22/W_XX-EUMETSAT-Darmstadt,IMG+SAT,MTI1+FCI-1C-RRAD-HRFI-FD--CHK-BODY---NC4E_C_EUMT_20250522004106_IDPFI_OPE_20250522003834_20250522003917_N__O_0004_0037.nc'] ['/home/Daniele/data/data_for_parallax/oca/2025/05/22/W_XX-EUMETSAT-Darmstadt,IMG+SAT,MTI1+FCI-2-OCA--FD------NC4E_C_EUMT_20250522004506_L2PF_OPE_20250522003000_20250522004000_N__C_0004_0000.nc']
Corrupted MTG files: False
Processing 2025-05-22 00:30:00 for channel ir_105
Using satellite long and lat: 0.0, 0.0
Using satellite altitude from attributes: 35786.3984375 km
['/home/Daniele/data/data_for_parallax/mtg/2025/05/22/W_XX-EUMETSAT-Darmstadt,IMG+SAT,MTI1+FCI-1C-RRAD-HRFI-FD--CHK-BODY---NC4E_C_EUMT_20250522005046_IDPFI_OPE_20250522004810_20250522004857_N__O_0005_0035.nc', '/home/Daniele/data/data_for_parallax/mtg/2025/05/22/W_XX-EUMETSAT-Darmstadt,IMG+SAT,MTI1+FCI-1C-RRAD-HRFI-FD--CHK-BODY---NC4E_C_EUMT_20250522005052_IDPFI_OPE_20250522004826_20250522004911_N__O_0005_0036.nc', '/home/Daniele/data/data_for_parallax/mtg/2025/05/22/W_XX-EUMETSAT-Darmstadt,IMG+SAT,MTI1+FCI-1C-RRAD-HRFI-FD--CHK-BODY---NC4E_C_EUMT_20250522005102_IDPFI_OPE_20250522004834_20250522004917_N__O_0005_0037.nc'] ['/home/Daniele/data/data_for_parallax/oca/2025/05/22/W_XX-EUMETSAT-Darmstadt,IMG+SAT,MTI1+FCI-2-OCA--FD------NC4E_C_EUMT_20250522005444_L2PF_OPE_20250522004000_20250522005000_N__C_0005_0000.nc']
Corrupted MTG files: False
Processing 2025-05-22 00:40:00 for channel ir_105
Using satellite long and lat: 0.0, 0.0
Using satellite altitude from attributes: 35786.3984375 km
['/home/Daniele/data/data_for_parallax/mtg/2025/05/22/W_XX-EUMETSAT-Darmstadt,IMG+SAT,MTI1+FCI-1C-RRAD-HRFI-FD--CHK-BODY---NC4E_C_EUMT_20250522010041_IDPFI_OPE_20250522005810_20250522005857_N__O_0006_0035.nc', '/home/Daniele/data/data_for_parallax/mtg/2025/05/22/W_XX-EUMETSAT-Darmstadt,IMG+SAT,MTI1+FCI-1C-RRAD-HRFI-FD--CHK-BODY---NC4E_C_EUMT_20250522010051_IDPFI_OPE_20250522005826_20250522005911_N__O_0006_0036.nc', '/home/Daniele/data/data_for_parallax/mtg/2025/05/22/W_XX-EUMETSAT-Darmstadt,IMG+SAT,MTI1+FCI-1C-RRAD-HRFI-FD--CHK-BODY---NC4E_C_EUMT_20250522010051_IDPFI_OPE_20250522005834_20250522005917_N__O_0006_0037.nc'] ['/home/Daniele/data/data_for_parallax/oca/2025/05/22/W_XX-EUMETSAT-Darmstadt,IMG+SAT,MTI1+FCI-2-OCA--FD------NC4E_C_EUMT_20250522010448_L2PF_OPE_20250522005000_20250522010000_N__C_0006_0000.nc']
Corrupted MTG files: False
Processing 2025-05-22 00:50:00 for channel ir_105
Using satellite long and lat: 0.0, 0.0
Using satellite altitude from attributes: 35786.3984375 km
['/home/Daniele/data/data_for_parallax/mtg/2025/05/22/W_XX-EUMETSAT-Darmstadt,IMG+SAT,MTI1+FCI-1C-RRAD-HRFI-FD--CHK-BODY---NC4E_C_EUMT_20250522011043_IDPFI_OPE_20250522010810_20250522010857_N__O_0007_0035.nc', '/home/Daniele/data/data_for_parallax/mtg/2025/05/22/W_XX-EUMETSAT-Darmstadt,IMG+SAT,MTI1+FCI-1C-RRAD-HRFI-FD--CHK-BODY---NC4E_C_EUMT_20250522011044_IDPFI_OPE_20250522010826_20250522010904_N__O_0007_0036.nc', '/home/Daniele/data/data_for_parallax/mtg/2025/05/22/W_XX-EUMETSAT-Darmstadt,IMG+SAT,MTI1+FCI-1C-RRAD-HRFI-FD--CHK-BODY---NC4E_C_EUMT_20250522011054_IDPFI_OPE_20250522010834_20250522010917_N__O_0007_0037.nc'] ['/home/Daniele/data/data_for_parallax/oca/2025/05/22/W_XX-EUMETSAT-Darmstadt,IMG+SAT,MTI1+FCI-2-OCA--FD------NC4E_C_EUMT_20250522011500_L2PF_OPE_20250522010000_20250522011000_N__C_0007_0000.nc']
Corrupted MTG files: False
Processing 2025-05-22 01:00:00 for channel ir_105
Using satellite long and lat: 0.0, 0.0
Using satellite altitude from attributes: 35786.3984375 km
['/home/Daniele/data/data_for_parallax/mtg/2025/05/22/W_XX-EUMETSAT-Darmstadt,IMG+SAT,MTI1+FCI-1C-RRAD-HRFI-FD--CHK-BODY---NC4E_C_EUMT_20250522012044_IDPFI_OPE_20250522011810_20250522011857_N__O_0008_0035.nc', '/home/Daniele/data/data_for_parallax/mtg/2025/05/22/W_XX-EUMETSAT-Darmstadt,IMG+SAT,MTI1+FCI-1C-RRAD-HRFI-FD--CHK-BODY---NC4E_C_EUMT_20250522012044_IDPFI_OPE_20250522011818_20250522011904_N__O_0008_0036.nc', '/home/Daniele/data/data_for_parallax/mtg/2025/05/22/W_XX-EUMETSAT-Darmstadt,IMG+SAT,MTI1+FCI-1C-RRAD-HRFI-FD--CHK-BODY---NC4E_C_EUMT_20250522012048_IDPFI_OPE_20250522011834_20250522011917_N__O_0008_0037.nc'] ['/home/Daniele/data/data_for_parallax/oca/2025/05/22/W_XX-EUMETSAT-Darmstadt,IMG+SAT,MTI1+FCI-2-OCA--FD------NC4E_C_EUMT_20250522012507_L2PF_OPE_20250522011000_20250522012000_N__C_0008_0000.nc']
Corrupted MTG files: False
Processing 2025-05-22 01:10:00 for channel ir_105
/home/Daniele/miniforge3/envs/satpy/lib/python3.10/site-packages/satpy/modifiers/parallax.py:280: UserWarning: Overlap checking not implemented. Waiting for fix for https://github.com/pytroll/pyresample/issues/329
  return self.corrected_area(cth_dataset, **kwargs)
/home/Daniele/miniforge3/envs/satpy/lib/python3.10/site-packages/pyproj/crs/crs.py:1295: UserWarning: You will likely lose important projection information when converting to a PROJ string from another format. See: https://proj.org/faq.html#what-is-the-best-format-for-describing-coordinate-reference-systems
  proj = self._crs.to_proj4(version=version)
2025-07-24 14:40:01,848 INFO: Determine bucket resampling indices
2025-07-24 14:40:04,443 INFO: Get max of values in each location
2025-07-24 14:40:14,147 INFO: Get min of values in each location
2025-07-24 14:40:23,795 INFO: Get max of values in each location
2025-07-24 14:40:32,915 INFO: Get min of values in each location
2025-07-24 14:40:42,245 INFO: Using default KDTree resampler
/home/Daniele/miniforge3/envs/satpy/lib/python3.10/site-packages/pyresample/kd_tree.py:1153: PerformanceWarning: Increasing number of chunks by factor of 10
  res = blockwise(_my_index, dst_adims,
2025-07-24 14:43:28,970 INFO: Processing timestamp 2025-05-22 01:20:00 (9/144)
/home/Daniele/miniforge3/envs/satpy/lib/python3.10/site-packages/satpy/modifiers/parallax.py:280: UserWarning: Overlap checking not implemented. Waiting for fix for https://github.com/pytroll/pyresample/issues/329
  return self.corrected_area(cth_dataset, **kwargs)
/home/Daniele/miniforge3/envs/satpy/lib/python3.10/site-packages/pyproj/crs/crs.py:1295: UserWarning: You will likely lose important projection information when converting to a PROJ string from another format. See: https://proj.org/faq.html#what-is-the-best-format-for-describing-coordinate-reference-systems
  proj = self._crs.to_proj4(version=version)
2025-07-24 14:44:00,877 INFO: Determine bucket resampling indices
2025-07-24 14:44:03,474 INFO: Get max of values in each location
2025-07-24 14:44:13,128 INFO: Get min of values in each location
2025-07-24 14:44:22,814 INFO: Get max of values in each location
2025-07-24 14:44:31,937 INFO: Get min of values in each location
2025-07-24 14:44:41,243 INFO: Using default KDTree resampler
/home/Daniele/miniforge3/envs/satpy/lib/python3.10/site-packages/pyresample/kd_tree.py:1153: PerformanceWarning: Increasing number of chunks by factor of 10
  res = blockwise(_my_index, dst_adims,
2025-07-24 14:47:22,842 INFO: Processing timestamp 2025-05-22 01:30:00 (10/144)
/home/Daniele/miniforge3/envs/satpy/lib/python3.10/site-packages/satpy/modifiers/parallax.py:280: UserWarning: Overlap checking not implemented. Waiting for fix for https://github.com/pytroll/pyresample/issues/329
  return self.corrected_area(cth_dataset, **kwargs)
/home/Daniele/miniforge3/envs/satpy/lib/python3.10/site-packages/pyproj/crs/crs.py:1295: UserWarning: You will likely lose important projection information when converting to a PROJ string from another format. See: https://proj.org/faq.html#what-is-the-best-format-for-describing-coordinate-reference-systems
  proj = self._crs.to_proj4(version=version)
2025-07-24 14:47:54,299 INFO: Determine bucket resampling indices
2025-07-24 14:47:56,877 INFO: Get max of values in each location
2025-07-24 14:48:06,507 INFO: Get min of values in each location
2025-07-24 14:48:16,189 INFO: Get max of values in each location
2025-07-24 14:48:25,292 INFO: Get min of values in each location
2025-07-24 14:48:34,342 INFO: Using default KDTree resampler
/home/Daniele/miniforge3/envs/satpy/lib/python3.10/site-packages/pyresample/kd_tree.py:1153: PerformanceWarning: Increasing number of chunks by factor of 10
  res = blockwise(_my_index, dst_adims,
2025-07-24 14:51:19,552 INFO: Processing timestamp 2025-05-22 01:40:00 (11/144)
/home/Daniele/miniforge3/envs/satpy/lib/python3.10/site-packages/satpy/modifiers/parallax.py:280: UserWarning: Overlap checking not implemented. Waiting for fix for https://github.com/pytroll/pyresample/issues/329
  return self.corrected_area(cth_dataset, **kwargs)
/home/Daniele/miniforge3/envs/satpy/lib/python3.10/site-packages/pyproj/crs/crs.py:1295: UserWarning: You will likely lose important projection information when converting to a PROJ string from another format. See: https://proj.org/faq.html#what-is-the-best-format-for-describing-coordinate-reference-systems
  proj = self._crs.to_proj4(version=version)
2025-07-24 14:51:50,995 INFO: Determine bucket resampling indices
2025-07-24 14:51:53,593 INFO: Get max of values in each location
2025-07-24 14:52:03,335 INFO: Get min of values in each location
2025-07-24 14:52:13,094 INFO: Get max of values in each location
2025-07-24 14:52:22,320 INFO: Get min of values in each location
2025-07-24 14:52:31,501 INFO: Using default KDTree resampler
/home/Daniele/miniforge3/envs/satpy/lib/python3.10/site-packages/pyresample/kd_tree.py:1153: PerformanceWarning: Increasing number of chunks by factor of 10
  res = blockwise(_my_index, dst_adims,
2025-07-24 14:55:16,840 INFO: Processing timestamp 2025-05-22 01:50:00 (12/144)
/home/Daniele/miniforge3/envs/satpy/lib/python3.10/site-packages/satpy/modifiers/parallax.py:280: UserWarning: Overlap checking not implemented. Waiting for fix for https://github.com/pytroll/pyresample/issues/329
  return self.corrected_area(cth_dataset, **kwargs)
/home/Daniele/miniforge3/envs/satpy/lib/python3.10/site-packages/pyproj/crs/crs.py:1295: UserWarning: You will likely lose important projection information when converting to a PROJ string from another format. See: https://proj.org/faq.html#what-is-the-best-format-for-describing-coordinate-reference-systems
  proj = self._crs.to_proj4(version=version)
2025-07-24 14:55:48,390 INFO: Determine bucket resampling indices
2025-07-24 14:55:51,016 INFO: Get max of values in each location
2025-07-24 14:56:00,804 INFO: Get min of values in each location
2025-07-24 14:56:10,627 INFO: Get max of values in each location
2025-07-24 14:56:19,831 INFO: Get min of values in each location
2025-07-24 14:56:29,044 INFO: Using default KDTree resampler
/home/Daniele/miniforge3/envs/satpy/lib/python3.10/site-packages/pyresample/kd_tree.py:1153: PerformanceWarning: Increasing number of chunks by factor of 10
  res = blockwise(_my_index, dst_adims,
2025-07-24 14:59:13,095 INFO: Processing timestamp 2025-05-22 02:00:00 (13/144)
/home/Daniele/miniforge3/envs/satpy/lib/python3.10/site-packages/satpy/modifiers/parallax.py:280: UserWarning: Overlap checking not implemented. Waiting for fix for https://github.com/pytroll/pyresample/issues/329
  return self.corrected_area(cth_dataset, **kwargs)
/home/Daniele/miniforge3/envs/satpy/lib/python3.10/site-packages/pyproj/crs/crs.py:1295: UserWarning: You will likely lose important projection information when converting to a PROJ string from another format. See: https://proj.org/faq.html#what-is-the-best-format-for-describing-coordinate-reference-systems
  proj = self._crs.to_proj4(version=version)
2025-07-24 14:59:43,927 INFO: Determine bucket resampling indices
2025-07-24 14:59:46,516 INFO: Get max of values in each location
2025-07-24 14:59:56,316 INFO: Get min of values in each location
2025-07-24 15:00:06,084 INFO: Get max of values in each location
2025-07-24 15:00:15,273 INFO: Get min of values in each location
2025-07-24 15:00:24,607 INFO: Using default KDTree resampler
/home/Daniele/miniforge3/envs/satpy/lib/python3.10/site-packages/pyresample/kd_tree.py:1153: PerformanceWarning: Increasing number of chunks by factor of 10
  res = blockwise(_my_index, dst_adims,
2025-07-24 15:03:08,796 INFO: Processing timestamp 2025-05-22 02:10:00 (14/144)
/home/Daniele/miniforge3/envs/satpy/lib/python3.10/site-packages/satpy/modifiers/parallax.py:280: UserWarning: Overlap checking not implemented. Waiting for fix for https://github.com/pytroll/pyresample/issues/329
  return self.corrected_area(cth_dataset, **kwargs)
/home/Daniele/miniforge3/envs/satpy/lib/python3.10/site-packages/pyproj/crs/crs.py:1295: UserWarning: You will likely lose important projection information when converting to a PROJ string from another format. See: https://proj.org/faq.html#what-is-the-best-format-for-describing-coordinate-reference-systems
  proj = self._crs.to_proj4(version=version)
2025-07-24 15:03:39,505 INFO: Determine bucket resampling indices
2025-07-24 15:03:42,095 INFO: Get max of values in each location
2025-07-24 15:03:51,846 INFO: Get min of values in each location
2025-07-24 15:04:01,600 INFO: Get max of values in each location
2025-07-24 15:04:10,801 INFO: Get min of values in each location
2025-07-24 15:04:20,014 INFO: Using default KDTree resampler
/home/Daniele/miniforge3/envs/satpy/lib/python3.10/site-packages/pyresample/kd_tree.py:1153: PerformanceWarning: Increasing number of chunks by factor of 10
  res = blockwise(_my_index, dst_adims,
2025-07-24 15:07:02,472 INFO: Processing timestamp 2025-05-22 02:20:00 (15/144)
/home/Daniele/miniforge3/envs/satpy/lib/python3.10/site-packages/satpy/modifiers/parallax.py:280: UserWarning: Overlap checking not implemented. Waiting for fix for https://github.com/pytroll/pyresample/issues/329
  return self.corrected_area(cth_dataset, **kwargs)
/home/Daniele/miniforge3/envs/satpy/lib/python3.10/site-packages/pyproj/crs/crs.py:1295: UserWarning: You will likely lose important projection information when converting to a PROJ string from another format. See: https://proj.org/faq.html#what-is-the-best-format-for-describing-coordinate-reference-systems
  proj = self._crs.to_proj4(version=version)
2025-07-24 15:07:33,200 INFO: Determine bucket resampling indices
2025-07-24 15:07:35,813 INFO: Get max of values in each location
2025-07-24 15:07:45,594 INFO: Get min of values in each location
2025-07-24 15:07:55,314 INFO: Get max of values in each location
2025-07-24 15:08:04,468 INFO: Get min of values in each location
2025-07-24 15:08:13,616 INFO: Using default KDTree resampler
/home/Daniele/miniforge3/envs/satpy/lib/python3.10/site-packages/pyresample/kd_tree.py:1153: PerformanceWarning: Increasing number of chunks by factor of 10
  res = blockwise(_my_index, dst_adims,
2025-07-24 15:10:57,784 INFO: Processing timestamp 2025-05-22 02:30:00 (16/144)
/home/Daniele/miniforge3/envs/satpy/lib/python3.10/site-packages/satpy/modifiers/parallax.py:280: UserWarning: Overlap checking not implemented. Waiting for fix for https://github.com/pytroll/pyresample/issues/329
  return self.corrected_area(cth_dataset, **kwargs)
/home/Daniele/miniforge3/envs/satpy/lib/python3.10/site-packages/pyproj/crs/crs.py:1295: UserWarning: You will likely lose important projection information when converting to a PROJ string from another format. See: https://proj.org/faq.html#what-is-the-best-format-for-describing-coordinate-reference-systems
  proj = self._crs.to_proj4(version=version)
2025-07-24 15:11:28,528 INFO: Determine bucket resampling indices
2025-07-24 15:11:31,118 INFO: Get max of values in each location
2025-07-24 15:11:40,879 INFO: Get min of values in each location
2025-07-24 15:11:50,677 INFO: Get max of values in each location
2025-07-24 15:11:59,910 INFO: Get min of values in each location
2025-07-24 15:12:09,131 INFO: Using default KDTree resampler
/home/Daniele/miniforge3/envs/satpy/lib/python3.10/site-packages/pyresample/kd_tree.py:1153: PerformanceWarning: Increasing number of chunks by factor of 10
  res = blockwise(_my_index, dst_adims,
2025-07-24 15:14:51,485 INFO: Processing timestamp 2025-05-22 02:40:00 (17/144)
Using satellite long and lat: 0.0, 0.0
Using satellite altitude from attributes: 35786.3984375 km
['/home/Daniele/data/data_for_parallax/mtg/2025/05/22/W_XX-EUMETSAT-Darmstadt,IMG+SAT,MTI1+FCI-1C-RRAD-HRFI-FD--CHK-BODY---NC4E_C_EUMT_20250522013037_IDPFI_OPE_20250522012810_20250522012857_N__O_0009_0035.nc', '/home/Daniele/data/data_for_parallax/mtg/2025/05/22/W_XX-EUMETSAT-Darmstadt,IMG+SAT,MTI1+FCI-1C-RRAD-HRFI-FD--CHK-BODY---NC4E_C_EUMT_20250522013039_IDPFI_OPE_20250522012818_20250522012904_N__O_0009_0036.nc', '/home/Daniele/data/data_for_parallax/mtg/2025/05/22/W_XX-EUMETSAT-Darmstadt,IMG+SAT,MTI1+FCI-1C-RRAD-HRFI-FD--CHK-BODY---NC4E_C_EUMT_20250522013052_IDPFI_OPE_20250522012834_20250522012917_N__O_0009_0037.nc'] ['/home/Daniele/data/data_for_parallax/oca/2025/05/22/W_XX-EUMETSAT-Darmstadt,IMG+SAT,MTI1+FCI-2-OCA--FD------NC4E_C_EUMT_20250522013508_L2PF_OPE_20250522012000_20250522013000_N__C_0009_0000.nc']
Corrupted MTG files: False
Processing 2025-05-22 01:20:00 for channel ir_105
Using satellite long and lat: 0.0, 0.0
Using satellite altitude from attributes: 35786.3984375 km
['/home/Daniele/data/data_for_parallax/mtg/2025/05/22/W_XX-EUMETSAT-Darmstadt,IMG+SAT,MTI1+FCI-1C-RRAD-HRFI-FD--CHK-BODY---NC4E_C_EUMT_20250522014040_IDPFI_OPE_20250522013810_20250522013857_N__O_0010_0035.nc', '/home/Daniele/data/data_for_parallax/mtg/2025/05/22/W_XX-EUMETSAT-Darmstadt,IMG+SAT,MTI1+FCI-1C-RRAD-HRFI-FD--CHK-BODY---NC4E_C_EUMT_20250522014045_IDPFI_OPE_20250522013818_20250522013904_N__O_0010_0036.nc', '/home/Daniele/data/data_for_parallax/mtg/2025/05/22/W_XX-EUMETSAT-Darmstadt,IMG+SAT,MTI1+FCI-1C-RRAD-HRFI-FD--CHK-BODY---NC4E_C_EUMT_20250522014052_IDPFI_OPE_20250522013834_20250522013917_N__O_0010_0037.nc'] ['/home/Daniele/data/data_for_parallax/oca/2025/05/22/W_XX-EUMETSAT-Darmstadt,IMG+SAT,MTI1+FCI-2-OCA--FD------NC4E_C_EUMT_20250522014507_L2PF_OPE_20250522013000_20250522014000_N__C_0010_0000.nc']
Corrupted MTG files: False
Processing 2025-05-22 01:30:00 for channel ir_105
Using satellite long and lat: 0.0, 0.0
Using satellite altitude from attributes: 35786.3984375 km
['/home/Daniele/data/data_for_parallax/mtg/2025/05/22/W_XX-EUMETSAT-Darmstadt,IMG+SAT,MTI1+FCI-1C-RRAD-HRFI-FD--CHK-BODY---NC4E_C_EUMT_20250522015046_IDPFI_OPE_20250522014810_20250522014857_N__O_0011_0035.nc', '/home/Daniele/data/data_for_parallax/mtg/2025/05/22/W_XX-EUMETSAT-Darmstadt,IMG+SAT,MTI1+FCI-1C-RRAD-HRFI-FD--CHK-BODY---NC4E_C_EUMT_20250522015048_IDPFI_OPE_20250522014818_20250522014904_N__O_0011_0036.nc', '/home/Daniele/data/data_for_parallax/mtg/2025/05/22/W_XX-EUMETSAT-Darmstadt,IMG+SAT,MTI1+FCI-1C-RRAD-HRFI-FD--CHK-BODY---NC4E_C_EUMT_20250522015049_IDPFI_OPE_20250522014834_20250522014917_N__O_0011_0037.nc'] ['/home/Daniele/data/data_for_parallax/oca/2025/05/22/W_XX-EUMETSAT-Darmstadt,IMG+SAT,MTI1+FCI-2-OCA--FD------NC4E_C_EUMT_20250522015501_L2PF_OPE_20250522014000_20250522015000_N__C_0011_0000.nc']
Corrupted MTG files: False
Processing 2025-05-22 01:40:00 for channel ir_105
Using satellite long and lat: 0.0, 0.0
Using satellite altitude from attributes: 35786.3984375 km
['/home/Daniele/data/data_for_parallax/mtg/2025/05/22/W_XX-EUMETSAT-Darmstadt,IMG+SAT,MTI1+FCI-1C-RRAD-HRFI-FD--CHK-BODY---NC4E_C_EUMT_20250522020045_IDPFI_OPE_20250522015810_20250522015857_N__O_0012_0035.nc', '/home/Daniele/data/data_for_parallax/mtg/2025/05/22/W_XX-EUMETSAT-Darmstadt,IMG+SAT,MTI1+FCI-1C-RRAD-HRFI-FD--CHK-BODY---NC4E_C_EUMT_20250522020047_IDPFI_OPE_20250522015818_20250522015904_N__O_0012_0036.nc', '/home/Daniele/data/data_for_parallax/mtg/2025/05/22/W_XX-EUMETSAT-Darmstadt,IMG+SAT,MTI1+FCI-1C-RRAD-HRFI-FD--CHK-BODY---NC4E_C_EUMT_20250522020054_IDPFI_OPE_20250522015834_20250522015917_N__O_0012_0037.nc'] ['/home/Daniele/data/data_for_parallax/oca/2025/05/22/W_XX-EUMETSAT-Darmstadt,IMG+SAT,MTI1+FCI-2-OCA--FD------NC4E_C_EUMT_20250522020518_L2PF_OPE_20250522015000_20250522020000_N__C_0012_0000.nc']
Corrupted MTG files: False
Processing 2025-05-22 01:50:00 for channel ir_105
Using satellite long and lat: 0.0, 0.0
Using satellite altitude from attributes: 35786.3984375 km
['/home/Daniele/data/data_for_parallax/mtg/2025/05/22/W_XX-EUMETSAT-Darmstadt,IMG+SAT,MTI1+FCI-1C-RRAD-HRFI-FD--CHK-BODY---NC4E_C_EUMT_20250522021040_IDPFI_OPE_20250522020810_20250522020857_N__O_0013_0035.nc', '/home/Daniele/data/data_for_parallax/mtg/2025/05/22/W_XX-EUMETSAT-Darmstadt,IMG+SAT,MTI1+FCI-1C-RRAD-HRFI-FD--CHK-BODY---NC4E_C_EUMT_20250522021047_IDPFI_OPE_20250522020818_20250522020904_N__O_0013_0036.nc', '/home/Daniele/data/data_for_parallax/mtg/2025/05/22/W_XX-EUMETSAT-Darmstadt,IMG+SAT,MTI1+FCI-1C-RRAD-HRFI-FD--CHK-BODY---NC4E_C_EUMT_20250522021052_IDPFI_OPE_20250522020834_20250522020917_N__O_0013_0037.nc'] ['/home/Daniele/data/data_for_parallax/oca/2025/05/22/W_XX-EUMETSAT-Darmstadt,IMG+SAT,MTI1+FCI-2-OCA--FD------NC4E_C_EUMT_20250522021527_L2PF_OPE_20250522020000_20250522021000_N__C_0013_0000.nc']
Corrupted MTG files: False
Processing 2025-05-22 02:00:00 for channel ir_105
Using satellite long and lat: 0.0, 0.0
Using satellite altitude from attributes: 35786.3984375 km
['/home/Daniele/data/data_for_parallax/mtg/2025/05/22/W_XX-EUMETSAT-Darmstadt,IMG+SAT,MTI1+FCI-1C-RRAD-HRFI-FD--CHK-BODY---NC4E_C_EUMT_20250522022038_IDPFI_OPE_20250522021810_20250522021857_N__O_0014_0035.nc', '/home/Daniele/data/data_for_parallax/mtg/2025/05/22/W_XX-EUMETSAT-Darmstadt,IMG+SAT,MTI1+FCI-1C-RRAD-HRFI-FD--CHK-BODY---NC4E_C_EUMT_20250522022040_IDPFI_OPE_20250522021818_20250522021904_N__O_0014_0036.nc', '/home/Daniele/data/data_for_parallax/mtg/2025/05/22/W_XX-EUMETSAT-Darmstadt,IMG+SAT,MTI1+FCI-1C-RRAD-HRFI-FD--CHK-BODY---NC4E_C_EUMT_20250522022053_IDPFI_OPE_20250522021834_20250522021917_N__O_0014_0037.nc'] ['/home/Daniele/data/data_for_parallax/oca/2025/05/22/W_XX-EUMETSAT-Darmstadt,IMG+SAT,MTI1+FCI-2-OCA--FD------NC4E_C_EUMT_20250522022512_L2PF_OPE_20250522021000_20250522022000_N__C_0014_0000.nc']
Corrupted MTG files: False
Processing 2025-05-22 02:10:00 for channel ir_105
Using satellite long and lat: 0.0, 0.0
Using satellite altitude from attributes: 35786.3984375 km
['/home/Daniele/data/data_for_parallax/mtg/2025/05/22/W_XX-EUMETSAT-Darmstadt,IMG+SAT,MTI1+FCI-1C-RRAD-HRFI-FD--CHK-BODY---NC4E_C_EUMT_20250522023046_IDPFI_OPE_20250522022810_20250522022857_N__O_0015_0035.nc', '/home/Daniele/data/data_for_parallax/mtg/2025/05/22/W_XX-EUMETSAT-Darmstadt,IMG+SAT,MTI1+FCI-1C-RRAD-HRFI-FD--CHK-BODY---NC4E_C_EUMT_20250522023051_IDPFI_OPE_20250522022818_20250522022904_N__O_0015_0036.nc', '/home/Daniele/data/data_for_parallax/mtg/2025/05/22/W_XX-EUMETSAT-Darmstadt,IMG+SAT,MTI1+FCI-1C-RRAD-HRFI-FD--CHK-BODY---NC4E_C_EUMT_20250522023057_IDPFI_OPE_20250522022834_20250522022917_N__O_0015_0037.nc'] ['/home/Daniele/data/data_for_parallax/oca/2025/05/22/W_XX-EUMETSAT-Darmstadt,IMG+SAT,MTI1+FCI-2-OCA--FD------NC4E_C_EUMT_20250522023518_L2PF_OPE_20250522022000_20250522023000_N__C_0015_0000.nc']
Corrupted MTG files: False
Processing 2025-05-22 02:20:00 for channel ir_105
Using satellite long and lat: 0.0, 0.0
Using satellite altitude from attributes: 35786.3984375 km
['/home/Daniele/data/data_for_parallax/mtg/2025/05/22/W_XX-EUMETSAT-Darmstadt,IMG+SAT,MTI1+FCI-1C-RRAD-HRFI-FD--CHK-BODY---NC4E_C_EUMT_20250522024039_IDPFI_OPE_20250522023810_20250522023857_N__O_0016_0035.nc', '/home/Daniele/data/data_for_parallax/mtg/2025/05/22/W_XX-EUMETSAT-Darmstadt,IMG+SAT,MTI1+FCI-1C-RRAD-HRFI-FD--CHK-BODY---NC4E_C_EUMT_20250522024049_IDPFI_OPE_20250522023818_20250522023911_N__O_0016_0036.nc', '/home/Daniele/data/data_for_parallax/mtg/2025/05/22/W_XX-EUMETSAT-Darmstadt,IMG+SAT,MTI1+FCI-1C-RRAD-HRFI-FD--CHK-BODY---NC4E_C_EUMT_20250522024050_IDPFI_OPE_20250522023834_20250522023917_N__O_0016_0037.nc'] ['/home/Daniele/data/data_for_parallax/oca/2025/05/22/W_XX-EUMETSAT-Darmstadt,IMG+SAT,MTI1+FCI-2-OCA--FD------NC4E_C_EUMT_20250522024512_L2PF_OPE_20250522023000_20250522024000_N__C_0016_0000.nc']
Corrupted MTG files: False
Processing 2025-05-22 02:30:00 for channel ir_105
Using satellite long and lat: 0.0, 0.0
Using satellite altitude from attributes: 35786.3984375 km
/home/Daniele/miniforge3/envs/satpy/lib/python3.10/site-packages/satpy/modifiers/parallax.py:280: UserWarning: Overlap checking not implemented. Waiting for fix for https://github.com/pytroll/pyresample/issues/329
  return self.corrected_area(cth_dataset, **kwargs)
/home/Daniele/miniforge3/envs/satpy/lib/python3.10/site-packages/pyproj/crs/crs.py:1295: UserWarning: You will likely lose important projection information when converting to a PROJ string from another format. See: https://proj.org/faq.html#what-is-the-best-format-for-describing-coordinate-reference-systems
  proj = self._crs.to_proj4(version=version)
2025-07-24 15:15:22,945 INFO: Determine bucket resampling indices
2025-07-24 15:15:25,533 INFO: Get max of values in each location
2025-07-24 15:15:35,221 INFO: Get min of values in each location
2025-07-24 15:15:44,900 INFO: Get max of values in each location
2025-07-24 15:15:54,042 INFO: Get min of values in each location
2025-07-24 15:16:03,174 INFO: Using default KDTree resampler
/home/Daniele/miniforge3/envs/satpy/lib/python3.10/site-packages/pyresample/kd_tree.py:1153: PerformanceWarning: Increasing number of chunks by factor of 10
  res = blockwise(_my_index, dst_adims,
2025-07-24 15:18:45,500 INFO: Processing timestamp 2025-05-22 02:50:00 (18/144)
/home/Daniele/miniforge3/envs/satpy/lib/python3.10/site-packages/satpy/modifiers/parallax.py:280: UserWarning: Overlap checking not implemented. Waiting for fix for https://github.com/pytroll/pyresample/issues/329
  return self.corrected_area(cth_dataset, **kwargs)
/home/Daniele/miniforge3/envs/satpy/lib/python3.10/site-packages/pyproj/crs/crs.py:1295: UserWarning: You will likely lose important projection information when converting to a PROJ string from another format. See: https://proj.org/faq.html#what-is-the-best-format-for-describing-coordinate-reference-systems
  proj = self._crs.to_proj4(version=version)
2025-07-24 15:19:16,177 INFO: Determine bucket resampling indices
2025-07-24 15:19:18,763 INFO: Get max of values in each location
2025-07-24 15:19:28,469 INFO: Get min of values in each location
2025-07-24 15:19:38,133 INFO: Get max of values in each location
2025-07-24 15:19:47,300 INFO: Get min of values in each location
2025-07-24 15:19:56,449 INFO: Using default KDTree resampler
/home/Daniele/miniforge3/envs/satpy/lib/python3.10/site-packages/pyresample/kd_tree.py:1153: PerformanceWarning: Increasing number of chunks by factor of 10
  res = blockwise(_my_index, dst_adims,
2025-07-24 15:22:47,389 INFO: Processing timestamp 2025-05-22 03:00:00 (19/144)
/home/Daniele/miniforge3/envs/satpy/lib/python3.10/site-packages/satpy/modifiers/parallax.py:280: UserWarning: Overlap checking not implemented. Waiting for fix for https://github.com/pytroll/pyresample/issues/329
  return self.corrected_area(cth_dataset, **kwargs)
/home/Daniele/miniforge3/envs/satpy/lib/python3.10/site-packages/pyproj/crs/crs.py:1295: UserWarning: You will likely lose important projection information when converting to a PROJ string from another format. See: https://proj.org/faq.html#what-is-the-best-format-for-describing-coordinate-reference-systems
  proj = self._crs.to_proj4(version=version)
2025-07-24 15:23:18,863 INFO: Determine bucket resampling indices
2025-07-24 15:23:21,453 INFO: Get max of values in each location
2025-07-24 15:23:31,202 INFO: Get min of values in each location
2025-07-24 15:23:40,961 INFO: Get max of values in each location
2025-07-24 15:23:50,178 INFO: Get min of values in each location
2025-07-24 15:23:59,360 INFO: Using default KDTree resampler
/home/Daniele/miniforge3/envs/satpy/lib/python3.10/site-packages/pyresample/kd_tree.py:1153: PerformanceWarning: Increasing number of chunks by factor of 10
  res = blockwise(_my_index, dst_adims,
2025-07-24 15:26:42,737 INFO: Processing timestamp 2025-05-22 03:10:00 (20/144)
/home/Daniele/miniforge3/envs/satpy/lib/python3.10/site-packages/satpy/modifiers/parallax.py:280: UserWarning: Overlap checking not implemented. Waiting for fix for https://github.com/pytroll/pyresample/issues/329
  return self.corrected_area(cth_dataset, **kwargs)
/home/Daniele/miniforge3/envs/satpy/lib/python3.10/site-packages/pyproj/crs/crs.py:1295: UserWarning: You will likely lose important projection information when converting to a PROJ string from another format. See: https://proj.org/faq.html#what-is-the-best-format-for-describing-coordinate-reference-systems
  proj = self._crs.to_proj4(version=version)
2025-07-24 15:27:14,223 INFO: Determine bucket resampling indices
2025-07-24 15:27:16,819 INFO: Get max of values in each location
2025-07-24 15:27:26,560 INFO: Get min of values in each location
2025-07-24 15:27:36,349 INFO: Get max of values in each location
2025-07-24 15:27:45,584 INFO: Get min of values in each location
2025-07-24 15:27:54,840 INFO: Using default KDTree resampler
/home/Daniele/miniforge3/envs/satpy/lib/python3.10/site-packages/pyresample/kd_tree.py:1153: PerformanceWarning: Increasing number of chunks by factor of 10
  res = blockwise(_my_index, dst_adims,
2025-07-24 15:30:47,461 INFO: Processing timestamp 2025-05-22 03:20:00 (21/144)
/home/Daniele/miniforge3/envs/satpy/lib/python3.10/site-packages/satpy/modifiers/parallax.py:280: UserWarning: Overlap checking not implemented. Waiting for fix for https://github.com/pytroll/pyresample/issues/329
  return self.corrected_area(cth_dataset, **kwargs)
/home/Daniele/miniforge3/envs/satpy/lib/python3.10/site-packages/pyproj/crs/crs.py:1295: UserWarning: You will likely lose important projection information when converting to a PROJ string from another format. See: https://proj.org/faq.html#what-is-the-best-format-for-describing-coordinate-reference-systems
  proj = self._crs.to_proj4(version=version)
2025-07-24 15:31:18,387 INFO: Determine bucket resampling indices
2025-07-24 15:31:20,984 INFO: Get max of values in each location
2025-07-24 15:31:30,694 INFO: Get min of values in each location
2025-07-24 15:31:40,465 INFO: Get max of values in each location
2025-07-24 15:31:49,702 INFO: Get min of values in each location
2025-07-24 15:31:58,901 INFO: Using default KDTree resampler
/home/Daniele/miniforge3/envs/satpy/lib/python3.10/site-packages/pyresample/kd_tree.py:1153: PerformanceWarning: Increasing number of chunks by factor of 10
  res = blockwise(_my_index, dst_adims,
2025-07-24 15:34:48,825 INFO: Processing timestamp 2025-05-22 03:30:00 (22/144)
/home/Daniele/miniforge3/envs/satpy/lib/python3.10/site-packages/satpy/modifiers/parallax.py:280: UserWarning: Overlap checking not implemented. Waiting for fix for https://github.com/pytroll/pyresample/issues/329
  return self.corrected_area(cth_dataset, **kwargs)
/home/Daniele/miniforge3/envs/satpy/lib/python3.10/site-packages/pyproj/crs/crs.py:1295: UserWarning: You will likely lose important projection information when converting to a PROJ string from another format. See: https://proj.org/faq.html#what-is-the-best-format-for-describing-coordinate-reference-systems
  proj = self._crs.to_proj4(version=version)
2025-07-24 15:35:20,747 INFO: Determine bucket resampling indices
2025-07-24 15:35:23,341 INFO: Get max of values in each location
2025-07-24 15:35:33,005 INFO: Get min of values in each location
2025-07-24 15:35:42,729 INFO: Get max of values in each location
2025-07-24 15:35:51,947 INFO: Get min of values in each location
2025-07-24 15:36:01,122 INFO: Using default KDTree resampler
/home/Daniele/miniforge3/envs/satpy/lib/python3.10/site-packages/pyresample/kd_tree.py:1153: PerformanceWarning: Increasing number of chunks by factor of 10
  res = blockwise(_my_index, dst_adims,
2025-07-24 15:38:46,390 INFO: Processing timestamp 2025-05-22 03:40:00 (23/144)
/home/Daniele/miniforge3/envs/satpy/lib/python3.10/site-packages/satpy/modifiers/parallax.py:280: UserWarning: Overlap checking not implemented. Waiting for fix for https://github.com/pytroll/pyresample/issues/329
  return self.corrected_area(cth_dataset, **kwargs)
/home/Daniele/miniforge3/envs/satpy/lib/python3.10/site-packages/pyproj/crs/crs.py:1295: UserWarning: You will likely lose important projection information when converting to a PROJ string from another format. See: https://proj.org/faq.html#what-is-the-best-format-for-describing-coordinate-reference-systems
  proj = self._crs.to_proj4(version=version)
2025-07-24 15:39:17,275 INFO: Determine bucket resampling indices
2025-07-24 15:39:19,889 INFO: Get max of values in each location
2025-07-24 15:39:29,651 INFO: Get min of values in each location
2025-07-24 15:39:39,427 INFO: Get max of values in each location
2025-07-24 15:39:48,684 INFO: Get min of values in each location
2025-07-24 15:39:58,009 INFO: Using default KDTree resampler
/home/Daniele/miniforge3/envs/satpy/lib/python3.10/site-packages/pyresample/kd_tree.py:1153: PerformanceWarning: Increasing number of chunks by factor of 10
  res = blockwise(_my_index, dst_adims,
2025-07-24 15:42:45,611 INFO: Processing timestamp 2025-05-22 03:50:00 (24/144)
/home/Daniele/miniforge3/envs/satpy/lib/python3.10/site-packages/satpy/modifiers/parallax.py:280: UserWarning: Overlap checking not implemented. Waiting for fix for https://github.com/pytroll/pyresample/issues/329
  return self.corrected_area(cth_dataset, **kwargs)
/home/Daniele/miniforge3/envs/satpy/lib/python3.10/site-packages/pyproj/crs/crs.py:1295: UserWarning: You will likely lose important projection information when converting to a PROJ string from another format. See: https://proj.org/faq.html#what-is-the-best-format-for-describing-coordinate-reference-systems
  proj = self._crs.to_proj4(version=version)
2025-07-24 15:43:16,482 INFO: Determine bucket resampling indices
2025-07-24 15:43:19,081 INFO: Get max of values in each location
2025-07-24 15:43:28,741 INFO: Get min of values in each location
2025-07-24 15:43:38,441 INFO: Get max of values in each location
2025-07-24 15:43:47,709 INFO: Get min of values in each location
2025-07-24 15:43:57,188 INFO: Using default KDTree resampler
/home/Daniele/miniforge3/envs/satpy/lib/python3.10/site-packages/pyresample/kd_tree.py:1153: PerformanceWarning: Increasing number of chunks by factor of 10
  res = blockwise(_my_index, dst_adims,
2025-07-24 15:46:46,470 INFO: Processing timestamp 2025-05-22 04:00:00 (25/144)
['/home/Daniele/data/data_for_parallax/mtg/2025/05/22/W_XX-EUMETSAT-Darmstadt,IMG+SAT,MTI1+FCI-1C-RRAD-HRFI-FD--CHK-BODY---NC4E_C_EUMT_20250522025042_IDPFI_OPE_20250522024810_20250522024857_N__O_0017_0035.nc', '/home/Daniele/data/data_for_parallax/mtg/2025/05/22/W_XX-EUMETSAT-Darmstadt,IMG+SAT,MTI1+FCI-1C-RRAD-HRFI-FD--CHK-BODY---NC4E_C_EUMT_20250522025049_IDPFI_OPE_20250522024818_20250522024904_N__O_0017_0036.nc', '/home/Daniele/data/data_for_parallax/mtg/2025/05/22/W_XX-EUMETSAT-Darmstadt,IMG+SAT,MTI1+FCI-1C-RRAD-HRFI-FD--CHK-BODY---NC4E_C_EUMT_20250522025052_IDPFI_OPE_20250522024834_20250522024917_N__O_0017_0037.nc'] ['/home/Daniele/data/data_for_parallax/oca/2025/05/22/W_XX-EUMETSAT-Darmstadt,IMG+SAT,MTI1+FCI-2-OCA--FD------NC4E_C_EUMT_20250522025533_L2PF_OPE_20250522024000_20250522025000_N__C_0017_0000.nc']
Corrupted MTG files: False
Processing 2025-05-22 02:40:00 for channel ir_105
Using satellite long and lat: 0.0, 0.0
Using satellite altitude from attributes: 35786.3984375 km
['/home/Daniele/data/data_for_parallax/mtg/2025/05/22/W_XX-EUMETSAT-Darmstadt,IMG+SAT,MTI1+FCI-1C-RRAD-HRFI-FD--CHK-BODY---NC4E_C_EUMT_20250522030043_IDPFI_OPE_20250522025810_20250522025857_N__O_0018_0035.nc', '/home/Daniele/data/data_for_parallax/mtg/2025/05/22/W_XX-EUMETSAT-Darmstadt,IMG+SAT,MTI1+FCI-1C-RRAD-HRFI-FD--CHK-BODY---NC4E_C_EUMT_20250522030043_IDPFI_OPE_20250522025818_20250522025904_N__O_0018_0036.nc', '/home/Daniele/data/data_for_parallax/mtg/2025/05/22/W_XX-EUMETSAT-Darmstadt,IMG+SAT,MTI1+FCI-1C-RRAD-HRFI-FD--CHK-BODY---NC4E_C_EUMT_20250522030052_IDPFI_OPE_20250522025834_20250522025917_N__O_0018_0037.nc'] ['/home/Daniele/data/data_for_parallax/oca/2025/05/22/W_XX-EUMETSAT-Darmstadt,IMG+SAT,MTI1+FCI-2-OCA--FD------NC4E_C_EUMT_20250522030515_L2PF_OPE_20250522025000_20250522030000_N__C_0018_0000.nc']
Corrupted MTG files: False
Processing 2025-05-22 02:50:00 for channel ir_105
Using satellite long and lat: 0.0, 0.0
Using satellite altitude from attributes: 35786.3984375 km
['/home/Daniele/data/data_for_parallax/mtg/2025/05/22/W_XX-EUMETSAT-Darmstadt,IMG+SAT,MTI1+FCI-1C-RRAD-HRFI-FD--CHK-BODY---NC4E_C_EUMT_20250522031047_IDPFI_OPE_20250522030810_20250522030857_N__O_0019_0035.nc', '/home/Daniele/data/data_for_parallax/mtg/2025/05/22/W_XX-EUMETSAT-Darmstadt,IMG+SAT,MTI1+FCI-1C-RRAD-HRFI-FD--CHK-BODY---NC4E_C_EUMT_20250522031049_IDPFI_OPE_20250522030818_20250522030904_N__O_0019_0036.nc', '/home/Daniele/data/data_for_parallax/mtg/2025/05/22/W_XX-EUMETSAT-Darmstadt,IMG+SAT,MTI1+FCI-1C-RRAD-HRFI-FD--CHK-BODY---NC4E_C_EUMT_20250522031051_IDPFI_OPE_20250522030834_20250522030917_N__O_0019_0037.nc'] ['/home/Daniele/data/data_for_parallax/oca/2025/05/22/W_XX-EUMETSAT-Darmstadt,IMG+SAT,MTI1+FCI-2-OCA--FD------NC4E_C_EUMT_20250522031525_L2PF_OPE_20250522030000_20250522031000_N__C_0019_0000.nc']
Corrupted MTG files: False
Processing 2025-05-22 03:00:00 for channel ir_105
Using satellite long and lat: 0.0, 0.0
Using satellite altitude from attributes: 35786.3984375 km
['/home/Daniele/data/data_for_parallax/mtg/2025/05/22/W_XX-EUMETSAT-Darmstadt,IMG+SAT,MTI1+FCI-1C-RRAD-HRFI-FD--CHK-BODY---NC4E_C_EUMT_20250522032045_IDPFI_OPE_20250522031810_20250522031857_N__O_0020_0035.nc', '/home/Daniele/data/data_for_parallax/mtg/2025/05/22/W_XX-EUMETSAT-Darmstadt,IMG+SAT,MTI1+FCI-1C-RRAD-HRFI-FD--CHK-BODY---NC4E_C_EUMT_20250522032048_IDPFI_OPE_20250522031818_20250522031904_N__O_0020_0036.nc', '/home/Daniele/data/data_for_parallax/mtg/2025/05/22/W_XX-EUMETSAT-Darmstadt,IMG+SAT,MTI1+FCI-1C-RRAD-HRFI-FD--CHK-BODY---NC4E_C_EUMT_20250522032057_IDPFI_OPE_20250522031834_20250522031917_N__O_0020_0037.nc'] ['/home/Daniele/data/data_for_parallax/oca/2025/05/22/W_XX-EUMETSAT-Darmstadt,IMG+SAT,MTI1+FCI-2-OCA--FD------NC4E_C_EUMT_20250522032510_L2PF_OPE_20250522031000_20250522032000_N__C_0020_0000.nc']
Corrupted MTG files: False
Processing 2025-05-22 03:10:00 for channel ir_105
Using satellite long and lat: 0.0, 0.0
Using satellite altitude from attributes: 35786.3984375 km
['/home/Daniele/data/data_for_parallax/mtg/2025/05/22/W_XX-EUMETSAT-Darmstadt,IMG+SAT,MTI1+FCI-1C-RRAD-HRFI-FD--CHK-BODY---NC4E_C_EUMT_20250522033047_IDPFI_OPE_20250522032810_20250522032857_N__O_0021_0035.nc', '/home/Daniele/data/data_for_parallax/mtg/2025/05/22/W_XX-EUMETSAT-Darmstadt,IMG+SAT,MTI1+FCI-1C-RRAD-HRFI-FD--CHK-BODY---NC4E_C_EUMT_20250522033048_IDPFI_OPE_20250522032818_20250522032904_N__O_0021_0036.nc', '/home/Daniele/data/data_for_parallax/mtg/2025/05/22/W_XX-EUMETSAT-Darmstadt,IMG+SAT,MTI1+FCI-1C-RRAD-HRFI-FD--CHK-BODY---NC4E_C_EUMT_20250522033057_IDPFI_OPE_20250522032834_20250522032917_N__O_0021_0037.nc'] ['/home/Daniele/data/data_for_parallax/oca/2025/05/22/W_XX-EUMETSAT-Darmstadt,IMG+SAT,MTI1+FCI-2-OCA--FD------NC4E_C_EUMT_20250522033527_L2PF_OPE_20250522032000_20250522033000_N__C_0021_0000.nc']
Corrupted MTG files: False
Processing 2025-05-22 03:20:00 for channel ir_105
Using satellite long and lat: 0.0, 0.0
Using satellite altitude from attributes: 35786.3984375 km
['/home/Daniele/data/data_for_parallax/mtg/2025/05/22/W_XX-EUMETSAT-Darmstadt,IMG+SAT,MTI1+FCI-1C-RRAD-HRFI-FD--CHK-BODY---NC4E_C_EUMT_20250522034042_IDPFI_OPE_20250522033810_20250522033857_N__O_0022_0035.nc', '/home/Daniele/data/data_for_parallax/mtg/2025/05/22/W_XX-EUMETSAT-Darmstadt,IMG+SAT,MTI1+FCI-1C-RRAD-HRFI-FD--CHK-BODY---NC4E_C_EUMT_20250522034048_IDPFI_OPE_20250522033818_20250522033911_N__O_0022_0036.nc', '/home/Daniele/data/data_for_parallax/mtg/2025/05/22/W_XX-EUMETSAT-Darmstadt,IMG+SAT,MTI1+FCI-1C-RRAD-HRFI-FD--CHK-BODY---NC4E_C_EUMT_20250522034052_IDPFI_OPE_20250522033834_20250522033917_N__O_0022_0037.nc'] ['/home/Daniele/data/data_for_parallax/oca/2025/05/22/W_XX-EUMETSAT-Darmstadt,IMG+SAT,MTI1+FCI-2-OCA--FD------NC4E_C_EUMT_20250522034457_L2PF_OPE_20250522033000_20250522034000_N__C_0022_0000.nc']
Corrupted MTG files: False
Processing 2025-05-22 03:30:00 for channel ir_105
Using satellite long and lat: 0.0, 0.0
Using satellite altitude from attributes: 35786.3984375 km
['/home/Daniele/data/data_for_parallax/mtg/2025/05/22/W_XX-EUMETSAT-Darmstadt,IMG+SAT,MTI1+FCI-1C-RRAD-HRFI-FD--CHK-BODY---NC4E_C_EUMT_20250522035037_IDPFI_OPE_20250522034810_20250522034857_N__O_0023_0035.nc', '/home/Daniele/data/data_for_parallax/mtg/2025/05/22/W_XX-EUMETSAT-Darmstadt,IMG+SAT,MTI1+FCI-1C-RRAD-HRFI-FD--CHK-BODY---NC4E_C_EUMT_20250522035050_IDPFI_OPE_20250522034818_20250522034904_N__O_0023_0036.nc', '/home/Daniele/data/data_for_parallax/mtg/2025/05/22/W_XX-EUMETSAT-Darmstadt,IMG+SAT,MTI1+FCI-1C-RRAD-HRFI-FD--CHK-BODY---NC4E_C_EUMT_20250522035053_IDPFI_OPE_20250522034834_20250522034917_N__O_0023_0037.nc'] ['/home/Daniele/data/data_for_parallax/oca/2025/05/22/W_XX-EUMETSAT-Darmstadt,IMG+SAT,MTI1+FCI-2-OCA--FD------NC4E_C_EUMT_20250522035525_L2PF_OPE_20250522034000_20250522035000_N__C_0023_0000.nc']
Corrupted MTG files: False
Processing 2025-05-22 03:40:00 for channel ir_105
Using satellite long and lat: 0.0, 0.0
Using satellite altitude from attributes: 35786.3984375 km
['/home/Daniele/data/data_for_parallax/mtg/2025/05/22/W_XX-EUMETSAT-Darmstadt,IMG+SAT,MTI1+FCI-1C-RRAD-HRFI-FD--CHK-BODY---NC4E_C_EUMT_20250522040046_IDPFI_OPE_20250522035810_20250522035857_N__O_0024_0035.nc', '/home/Daniele/data/data_for_parallax/mtg/2025/05/22/W_XX-EUMETSAT-Darmstadt,IMG+SAT,MTI1+FCI-1C-RRAD-HRFI-FD--CHK-BODY---NC4E_C_EUMT_20250522040046_IDPFI_OPE_20250522035818_20250522035904_N__O_0024_0036.nc', '/home/Daniele/data/data_for_parallax/mtg/2025/05/22/W_XX-EUMETSAT-Darmstadt,IMG+SAT,MTI1+FCI-1C-RRAD-HRFI-FD--CHK-BODY---NC4E_C_EUMT_20250522040052_IDPFI_OPE_20250522035834_20250522035917_N__O_0024_0037.nc'] ['/home/Daniele/data/data_for_parallax/oca/2025/05/22/W_XX-EUMETSAT-Darmstadt,IMG+SAT,MTI1+FCI-2-OCA--FD------NC4E_C_EUMT_20250522040523_L2PF_OPE_20250522035000_20250522040000_N__C_0024_0000.nc']
Corrupted MTG files: False
Processing 2025-05-22 03:50:00 for channel ir_105
Using satellite long and lat: 0.0, 0.0
Using satellite altitude from attributes: 35786.3984375 km
2025-07-24 15:46:46,604 WARNING: Missing or corrupted data for 2025-05-22 04:00:00, creating NaN dataset.
2025-07-24 15:46:46,782 INFO: Processing timestamp 2025-05-22 04:10:00 (26/144)
/home/Daniele/miniforge3/envs/satpy/lib/python3.10/site-packages/satpy/modifiers/parallax.py:280: UserWarning: Overlap checking not implemented. Waiting for fix for https://github.com/pytroll/pyresample/issues/329
  return self.corrected_area(cth_dataset, **kwargs)
/home/Daniele/miniforge3/envs/satpy/lib/python3.10/site-packages/pyproj/crs/crs.py:1295: UserWarning: You will likely lose important projection information when converting to a PROJ string from another format. See: https://proj.org/faq.html#what-is-the-best-format-for-describing-coordinate-reference-systems
  proj = self._crs.to_proj4(version=version)
2025-07-24 15:47:17,855 INFO: Determine bucket resampling indices
2025-07-24 15:47:20,455 INFO: Get max of values in each location
2025-07-24 15:47:30,151 INFO: Get min of values in each location
2025-07-24 15:47:39,983 INFO: Get max of values in each location
2025-07-24 15:47:49,213 INFO: Get min of values in each location
2025-07-24 15:47:58,360 INFO: Using default KDTree resampler
/home/Daniele/miniforge3/envs/satpy/lib/python3.10/site-packages/pyresample/kd_tree.py:1153: PerformanceWarning: Increasing number of chunks by factor of 10
  res = blockwise(_my_index, dst_adims,
2025-07-24 15:50:45,889 INFO: Processing timestamp 2025-05-22 04:20:00 (27/144)
/home/Daniele/miniforge3/envs/satpy/lib/python3.10/site-packages/satpy/modifiers/parallax.py:280: UserWarning: Overlap checking not implemented. Waiting for fix for https://github.com/pytroll/pyresample/issues/329
  return self.corrected_area(cth_dataset, **kwargs)
/home/Daniele/miniforge3/envs/satpy/lib/python3.10/site-packages/pyproj/crs/crs.py:1295: UserWarning: You will likely lose important projection information when converting to a PROJ string from another format. See: https://proj.org/faq.html#what-is-the-best-format-for-describing-coordinate-reference-systems
  proj = self._crs.to_proj4(version=version)
2025-07-24 15:51:17,508 INFO: Determine bucket resampling indices
2025-07-24 15:51:20,099 INFO: Get max of values in each location
2025-07-24 15:51:29,768 INFO: Get min of values in each location
2025-07-24 15:51:39,482 INFO: Get max of values in each location
2025-07-24 15:51:48,703 INFO: Get min of values in each location
2025-07-24 15:51:57,877 INFO: Using default KDTree resampler
/home/Daniele/miniforge3/envs/satpy/lib/python3.10/site-packages/pyresample/kd_tree.py:1153: PerformanceWarning: Increasing number of chunks by factor of 10
  res = blockwise(_my_index, dst_adims,
2025-07-24 15:54:43,646 INFO: Processing timestamp 2025-05-22 04:30:00 (28/144)
/home/Daniele/miniforge3/envs/satpy/lib/python3.10/site-packages/satpy/modifiers/parallax.py:280: UserWarning: Overlap checking not implemented. Waiting for fix for https://github.com/pytroll/pyresample/issues/329
  return self.corrected_area(cth_dataset, **kwargs)
/home/Daniele/miniforge3/envs/satpy/lib/python3.10/site-packages/pyproj/crs/crs.py:1295: UserWarning: You will likely lose important projection information when converting to a PROJ string from another format. See: https://proj.org/faq.html#what-is-the-best-format-for-describing-coordinate-reference-systems
  proj = self._crs.to_proj4(version=version)
2025-07-24 15:55:15,813 INFO: Determine bucket resampling indices
2025-07-24 15:55:18,442 INFO: Get max of values in each location
2025-07-24 15:55:28,131 INFO: Get min of values in each location
2025-07-24 15:55:37,889 INFO: Get max of values in each location
2025-07-24 15:55:47,176 INFO: Get min of values in each location
2025-07-24 15:55:56,375 INFO: Using default KDTree resampler
/home/Daniele/miniforge3/envs/satpy/lib/python3.10/site-packages/pyresample/kd_tree.py:1153: PerformanceWarning: Increasing number of chunks by factor of 10
  res = blockwise(_my_index, dst_adims,
2025-07-24 15:58:45,801 INFO: Processing timestamp 2025-05-22 04:40:00 (29/144)
/home/Daniele/miniforge3/envs/satpy/lib/python3.10/site-packages/satpy/modifiers/parallax.py:280: UserWarning: Overlap checking not implemented. Waiting for fix for https://github.com/pytroll/pyresample/issues/329
  return self.corrected_area(cth_dataset, **kwargs)
/home/Daniele/miniforge3/envs/satpy/lib/python3.10/site-packages/pyproj/crs/crs.py:1295: UserWarning: You will likely lose important projection information when converting to a PROJ string from another format. See: https://proj.org/faq.html#what-is-the-best-format-for-describing-coordinate-reference-systems
  proj = self._crs.to_proj4(version=version)
2025-07-24 15:59:16,509 INFO: Determine bucket resampling indices
2025-07-24 15:59:19,128 INFO: Get max of values in each location
2025-07-24 15:59:28,824 INFO: Get min of values in each location
2025-07-24 15:59:38,574 INFO: Get max of values in each location
2025-07-24 15:59:47,810 INFO: Get min of values in each location
2025-07-24 15:59:57,034 INFO: Using default KDTree resampler
/home/Daniele/miniforge3/envs/satpy/lib/python3.10/site-packages/pyresample/kd_tree.py:1153: PerformanceWarning: Increasing number of chunks by factor of 10
  res = blockwise(_my_index, dst_adims,
2025-07-24 16:02:44,895 INFO: Processing timestamp 2025-05-22 04:50:00 (30/144)
/home/Daniele/miniforge3/envs/satpy/lib/python3.10/site-packages/satpy/modifiers/parallax.py:280: UserWarning: Overlap checking not implemented. Waiting for fix for https://github.com/pytroll/pyresample/issues/329
  return self.corrected_area(cth_dataset, **kwargs)
/home/Daniele/miniforge3/envs/satpy/lib/python3.10/site-packages/pyproj/crs/crs.py:1295: UserWarning: You will likely lose important projection information when converting to a PROJ string from another format. See: https://proj.org/faq.html#what-is-the-best-format-for-describing-coordinate-reference-systems
  proj = self._crs.to_proj4(version=version)
2025-07-24 16:03:15,550 INFO: Determine bucket resampling indices
2025-07-24 16:03:18,172 INFO: Get max of values in each location
2025-07-24 16:03:27,848 INFO: Get min of values in each location
2025-07-24 16:03:37,533 INFO: Get max of values in each location
2025-07-24 16:03:46,700 INFO: Get min of values in each location
2025-07-24 16:03:55,885 INFO: Using default KDTree resampler
/home/Daniele/miniforge3/envs/satpy/lib/python3.10/site-packages/pyresample/kd_tree.py:1153: PerformanceWarning: Increasing number of chunks by factor of 10
  res = blockwise(_my_index, dst_adims,
2025-07-24 16:06:43,196 INFO: Processing timestamp 2025-05-22 05:00:00 (31/144)
/home/Daniele/miniforge3/envs/satpy/lib/python3.10/site-packages/satpy/modifiers/parallax.py:280: UserWarning: Overlap checking not implemented. Waiting for fix for https://github.com/pytroll/pyresample/issues/329
  return self.corrected_area(cth_dataset, **kwargs)
/home/Daniele/miniforge3/envs/satpy/lib/python3.10/site-packages/pyproj/crs/crs.py:1295: UserWarning: You will likely lose important projection information when converting to a PROJ string from another format. See: https://proj.org/faq.html#what-is-the-best-format-for-describing-coordinate-reference-systems
  proj = self._crs.to_proj4(version=version)
2025-07-24 16:07:15,269 INFO: Determine bucket resampling indices
2025-07-24 16:07:17,868 INFO: Get max of values in each location
2025-07-24 16:07:27,551 INFO: Get min of values in each location
2025-07-24 16:07:37,356 INFO: Get max of values in each location
2025-07-24 16:07:46,582 INFO: Get min of values in each location
2025-07-24 16:07:55,868 INFO: Using default KDTree resampler
/home/Daniele/miniforge3/envs/satpy/lib/python3.10/site-packages/pyresample/kd_tree.py:1153: PerformanceWarning: Increasing number of chunks by factor of 10
  res = blockwise(_my_index, dst_adims,
2025-07-24 16:10:35,836 INFO: Processing timestamp 2025-05-22 05:10:00 (32/144)
/home/Daniele/miniforge3/envs/satpy/lib/python3.10/site-packages/satpy/modifiers/parallax.py:280: UserWarning: Overlap checking not implemented. Waiting for fix for https://github.com/pytroll/pyresample/issues/329
  return self.corrected_area(cth_dataset, **kwargs)
/home/Daniele/miniforge3/envs/satpy/lib/python3.10/site-packages/pyproj/crs/crs.py:1295: UserWarning: You will likely lose important projection information when converting to a PROJ string from another format. See: https://proj.org/faq.html#what-is-the-best-format-for-describing-coordinate-reference-systems
  proj = self._crs.to_proj4(version=version)
2025-07-24 16:11:07,479 INFO: Determine bucket resampling indices
2025-07-24 16:11:10,113 INFO: Get max of values in each location
2025-07-24 16:11:19,858 INFO: Get min of values in each location
2025-07-24 16:11:29,661 INFO: Get max of values in each location
2025-07-24 16:11:38,923 INFO: Get min of values in each location
2025-07-24 16:11:48,134 INFO: Using default KDTree resampler
/home/Daniele/miniforge3/envs/satpy/lib/python3.10/site-packages/pyresample/kd_tree.py:1153: PerformanceWarning: Increasing number of chunks by factor of 10
  res = blockwise(_my_index, dst_adims,
2025-07-24 16:14:30,275 INFO: Processing timestamp 2025-05-22 05:20:00 (33/144)
['/home/Daniele/data/data_for_parallax/mtg/2025/05/22/W_XX-EUMETSAT-Darmstadt,IMG+SAT,MTI1+FCI-1C-RRAD-HRFI-FD--CHK-BODY---NC4E_C_EUMT_20250522041041_IDPFI_OPE_20250522040810_20250522040857_N__O_0025_0035.nc', '/home/Daniele/data/data_for_parallax/mtg/2025/05/22/W_XX-EUMETSAT-Darmstadt,IMG+SAT,MTI1+FCI-1C-RRAD-HRFI-FD--CHK-BODY---NC4E_C_EUMT_20250522041044_IDPFI_OPE_20250522040818_20250522040904_N__O_0025_0036.nc', '/home/Daniele/data/data_for_parallax/mtg/2025/05/22/W_XX-EUMETSAT-Darmstadt,IMG+SAT,MTI1+FCI-1C-RRAD-HRFI-FD--CHK-BODY---NC4E_C_EUMT_20250522041050_IDPFI_OPE_20250522040834_20250522040917_N__O_0025_0037.nc'] None
Corrupted MTG files: False
Processing 2025-05-22 04:00:00 for channel ir_105
['/home/Daniele/data/data_for_parallax/mtg/2025/05/22/W_XX-EUMETSAT-Darmstadt,IMG+SAT,MTI1+FCI-1C-RRAD-HRFI-FD--CHK-BODY---NC4E_C_EUMT_20250522042044_IDPFI_OPE_20250522041810_20250522041857_N__O_0026_0035.nc', '/home/Daniele/data/data_for_parallax/mtg/2025/05/22/W_XX-EUMETSAT-Darmstadt,IMG+SAT,MTI1+FCI-1C-RRAD-HRFI-FD--CHK-BODY---NC4E_C_EUMT_20250522042046_IDPFI_OPE_20250522041818_20250522041904_N__O_0026_0036.nc', '/home/Daniele/data/data_for_parallax/mtg/2025/05/22/W_XX-EUMETSAT-Darmstadt,IMG+SAT,MTI1+FCI-1C-RRAD-HRFI-FD--CHK-BODY---NC4E_C_EUMT_20250522042052_IDPFI_OPE_20250522041834_20250522041917_N__O_0026_0037.nc'] ['/home/Daniele/data/data_for_parallax/oca/2025/05/22/W_XX-EUMETSAT-Darmstadt,IMG+SAT,MTI1+FCI-2-OCA--FD------NC4E_C_EUMT_20250522042535_L2PF_OPE_20250522041000_20250522042000_N__C_0026_0000.nc']
Corrupted MTG files: False
Processing 2025-05-22 04:10:00 for channel ir_105
Using satellite long and lat: 0.0, 0.0
Using satellite altitude from attributes: 35786.3984375 km
['/home/Daniele/data/data_for_parallax/mtg/2025/05/22/W_XX-EUMETSAT-Darmstadt,IMG+SAT,MTI1+FCI-1C-RRAD-HRFI-FD--CHK-BODY---NC4E_C_EUMT_20250522043051_IDPFI_OPE_20250522042810_20250522042857_N__O_0027_0035.nc', '/home/Daniele/data/data_for_parallax/mtg/2025/05/22/W_XX-EUMETSAT-Darmstadt,IMG+SAT,MTI1+FCI-1C-RRAD-HRFI-FD--CHK-BODY---NC4E_C_EUMT_20250522043051_IDPFI_OPE_20250522042818_20250522042911_N__O_0027_0036.nc', '/home/Daniele/data/data_for_parallax/mtg/2025/05/22/W_XX-EUMETSAT-Darmstadt,IMG+SAT,MTI1+FCI-1C-RRAD-HRFI-FD--CHK-BODY---NC4E_C_EUMT_20250522043052_IDPFI_OPE_20250522042834_20250522042917_N__O_0027_0037.nc'] ['/home/Daniele/data/data_for_parallax/oca/2025/05/22/W_XX-EUMETSAT-Darmstadt,IMG+SAT,MTI1+FCI-2-OCA--FD------NC4E_C_EUMT_20250522043536_L2PF_OPE_20250522042000_20250522043000_N__C_0027_0000.nc']
Corrupted MTG files: False
Processing 2025-05-22 04:20:00 for channel ir_105
Using satellite long and lat: 0.0, 0.0
Using satellite altitude from attributes: 35786.3984375 km
['/home/Daniele/data/data_for_parallax/mtg/2025/05/22/W_XX-EUMETSAT-Darmstadt,IMG+SAT,MTI1+FCI-1C-RRAD-HRFI-FD--CHK-BODY---NC4E_C_EUMT_20250522044037_IDPFI_OPE_20250522043810_20250522043857_N__O_0028_0035.nc', '/home/Daniele/data/data_for_parallax/mtg/2025/05/22/W_XX-EUMETSAT-Darmstadt,IMG+SAT,MTI1+FCI-1C-RRAD-HRFI-FD--CHK-BODY---NC4E_C_EUMT_20250522044039_IDPFI_OPE_20250522043818_20250522043904_N__O_0028_0036.nc', '/home/Daniele/data/data_for_parallax/mtg/2025/05/22/W_XX-EUMETSAT-Darmstadt,IMG+SAT,MTI1+FCI-1C-RRAD-HRFI-FD--CHK-BODY---NC4E_C_EUMT_20250522044057_IDPFI_OPE_20250522043834_20250522043917_N__O_0028_0037.nc'] ['/home/Daniele/data/data_for_parallax/oca/2025/05/22/W_XX-EUMETSAT-Darmstadt,IMG+SAT,MTI1+FCI-2-OCA--FD------NC4E_C_EUMT_20250522044522_L2PF_OPE_20250522043000_20250522044000_N__C_0028_0000.nc']
Corrupted MTG files: False
Processing 2025-05-22 04:30:00 for channel ir_105
Using satellite long and lat: 0.0, 0.0
Using satellite altitude from attributes: 35786.3984375 km
['/home/Daniele/data/data_for_parallax/mtg/2025/05/22/W_XX-EUMETSAT-Darmstadt,IMG+SAT,MTI1+FCI-1C-RRAD-HRFI-FD--CHK-BODY---NC4E_C_EUMT_20250522045043_IDPFI_OPE_20250522044810_20250522044857_N__O_0029_0035.nc', '/home/Daniele/data/data_for_parallax/mtg/2025/05/22/W_XX-EUMETSAT-Darmstadt,IMG+SAT,MTI1+FCI-1C-RRAD-HRFI-FD--CHK-BODY---NC4E_C_EUMT_20250522045045_IDPFI_OPE_20250522044818_20250522044904_N__O_0029_0036.nc', '/home/Daniele/data/data_for_parallax/mtg/2025/05/22/W_XX-EUMETSAT-Darmstadt,IMG+SAT,MTI1+FCI-1C-RRAD-HRFI-FD--CHK-BODY---NC4E_C_EUMT_20250522045049_IDPFI_OPE_20250522044834_20250522044917_N__O_0029_0037.nc'] ['/home/Daniele/data/data_for_parallax/oca/2025/05/22/W_XX-EUMETSAT-Darmstadt,IMG+SAT,MTI1+FCI-2-OCA--FD------NC4E_C_EUMT_20250522045523_L2PF_OPE_20250522044000_20250522045000_N__C_0029_0000.nc']
Corrupted MTG files: False
Processing 2025-05-22 04:40:00 for channel ir_105
Using satellite long and lat: 0.0, 0.0
Using satellite altitude from attributes: 35786.3984375 km
['/home/Daniele/data/data_for_parallax/mtg/2025/05/22/W_XX-EUMETSAT-Darmstadt,IMG+SAT,MTI1+FCI-1C-RRAD-HRFI-FD--CHK-BODY---NC4E_C_EUMT_20250522050041_IDPFI_OPE_20250522045810_20250522045857_N__O_0030_0035.nc', '/home/Daniele/data/data_for_parallax/mtg/2025/05/22/W_XX-EUMETSAT-Darmstadt,IMG+SAT,MTI1+FCI-1C-RRAD-HRFI-FD--CHK-BODY---NC4E_C_EUMT_20250522050048_IDPFI_OPE_20250522045818_20250522045904_N__O_0030_0036.nc', '/home/Daniele/data/data_for_parallax/mtg/2025/05/22/W_XX-EUMETSAT-Darmstadt,IMG+SAT,MTI1+FCI-1C-RRAD-HRFI-FD--CHK-BODY---NC4E_C_EUMT_20250522050054_IDPFI_OPE_20250522045834_20250522045917_N__O_0030_0037.nc'] ['/home/Daniele/data/data_for_parallax/oca/2025/05/22/W_XX-EUMETSAT-Darmstadt,IMG+SAT,MTI1+FCI-2-OCA--FD------NC4E_C_EUMT_20250522050514_L2PF_OPE_20250522045000_20250522050000_N__C_0030_0000.nc']
Corrupted MTG files: False
Processing 2025-05-22 04:50:00 for channel ir_105
Using satellite long and lat: 0.0, 0.0
Using satellite altitude from attributes: 35786.3984375 km
['/home/Daniele/data/data_for_parallax/mtg/2025/05/22/W_XX-EUMETSAT-Darmstadt,IMG+SAT,MTI1+FCI-1C-RRAD-HRFI-FD--CHK-BODY---NC4E_C_EUMT_20250522051051_IDPFI_OPE_20250522050810_20250522050857_N__O_0031_0035.nc', '/home/Daniele/data/data_for_parallax/mtg/2025/05/22/W_XX-EUMETSAT-Darmstadt,IMG+SAT,MTI1+FCI-1C-RRAD-HRFI-FD--CHK-BODY---NC4E_C_EUMT_20250522051051_IDPFI_OPE_20250522050818_20250522050911_N__O_0031_0036.nc', '/home/Daniele/data/data_for_parallax/mtg/2025/05/22/W_XX-EUMETSAT-Darmstadt,IMG+SAT,MTI1+FCI-1C-RRAD-HRFI-FD--CHK-BODY---NC4E_C_EUMT_20250522051055_IDPFI_OPE_20250522050834_20250522050917_N__O_0031_0037.nc'] ['/home/Daniele/data/data_for_parallax/oca/2025/05/22/W_XX-EUMETSAT-Darmstadt,IMG+SAT,MTI1+FCI-2-OCA--FD------NC4E_C_EUMT_20250522051527_L2PF_OPE_20250522050000_20250522051000_N__C_0031_0000.nc']
Corrupted MTG files: False
Processing 2025-05-22 05:00:00 for channel ir_105
Using satellite long and lat: 0.0, 0.0
Using satellite altitude from attributes: 35786.3984375 km
['/home/Daniele/data/data_for_parallax/mtg/2025/05/22/W_XX-EUMETSAT-Darmstadt,IMG+SAT,MTI1+FCI-1C-RRAD-HRFI-FD--CHK-BODY---NC4E_C_EUMT_20250522052040_IDPFI_OPE_20250522051810_20250522051857_N__O_0032_0035.nc', '/home/Daniele/data/data_for_parallax/mtg/2025/05/22/W_XX-EUMETSAT-Darmstadt,IMG+SAT,MTI1+FCI-1C-RRAD-HRFI-FD--CHK-BODY---NC4E_C_EUMT_20250522052044_IDPFI_OPE_20250522051818_20250522051904_N__O_0032_0036.nc', '/home/Daniele/data/data_for_parallax/mtg/2025/05/22/W_XX-EUMETSAT-Darmstadt,IMG+SAT,MTI1+FCI-1C-RRAD-HRFI-FD--CHK-BODY---NC4E_C_EUMT_20250522052057_IDPFI_OPE_20250522051834_20250522051917_N__O_0032_0037.nc'] ['/home/Daniele/data/data_for_parallax/oca/2025/05/22/W_XX-EUMETSAT-Darmstadt,IMG+SAT,MTI1+FCI-2-OCA--FD------NC4E_C_EUMT_20250522052522_L2PF_OPE_20250522051000_20250522052000_N__C_0032_0000.nc']
Corrupted MTG files: False
Processing 2025-05-22 05:10:00 for channel ir_105
Using satellite long and lat: 0.0, 0.0
Using satellite altitude from attributes: 35786.3984375 km
/home/Daniele/miniforge3/envs/satpy/lib/python3.10/site-packages/satpy/modifiers/parallax.py:280: UserWarning: Overlap checking not implemented. Waiting for fix for https://github.com/pytroll/pyresample/issues/329
  return self.corrected_area(cth_dataset, **kwargs)
/home/Daniele/miniforge3/envs/satpy/lib/python3.10/site-packages/pyproj/crs/crs.py:1295: UserWarning: You will likely lose important projection information when converting to a PROJ string from another format. See: https://proj.org/faq.html#what-is-the-best-format-for-describing-coordinate-reference-systems
  proj = self._crs.to_proj4(version=version)
2025-07-24 16:15:01,140 INFO: Determine bucket resampling indices
2025-07-24 16:15:03,746 INFO: Get max of values in each location
2025-07-24 16:15:13,420 INFO: Get min of values in each location
2025-07-24 16:15:23,121 INFO: Get max of values in each location
2025-07-24 16:15:32,328 INFO: Get min of values in each location
2025-07-24 16:15:41,508 INFO: Using default KDTree resampler
/home/Daniele/miniforge3/envs/satpy/lib/python3.10/site-packages/pyresample/kd_tree.py:1153: PerformanceWarning: Increasing number of chunks by factor of 10
  res = blockwise(_my_index, dst_adims,
2025-07-24 16:18:25,427 INFO: Processing timestamp 2025-05-22 05:30:00 (34/144)
/home/Daniele/miniforge3/envs/satpy/lib/python3.10/site-packages/satpy/modifiers/parallax.py:280: UserWarning: Overlap checking not implemented. Waiting for fix for https://github.com/pytroll/pyresample/issues/329
  return self.corrected_area(cth_dataset, **kwargs)
/home/Daniele/miniforge3/envs/satpy/lib/python3.10/site-packages/pyproj/crs/crs.py:1295: UserWarning: You will likely lose important projection information when converting to a PROJ string from another format. See: https://proj.org/faq.html#what-is-the-best-format-for-describing-coordinate-reference-systems
  proj = self._crs.to_proj4(version=version)
2025-07-24 16:18:56,902 INFO: Determine bucket resampling indices
2025-07-24 16:18:59,502 INFO: Get max of values in each location
2025-07-24 16:19:09,168 INFO: Get min of values in each location
2025-07-24 16:19:18,889 INFO: Get max of values in each location
2025-07-24 16:19:28,112 INFO: Get min of values in each location
2025-07-24 16:19:37,308 INFO: Using default KDTree resampler
/home/Daniele/miniforge3/envs/satpy/lib/python3.10/site-packages/pyresample/kd_tree.py:1153: PerformanceWarning: Increasing number of chunks by factor of 10
  res = blockwise(_my_index, dst_adims,
2025-07-24 16:22:16,930 INFO: Processing timestamp 2025-05-22 05:40:00 (35/144)
/home/Daniele/miniforge3/envs/satpy/lib/python3.10/site-packages/satpy/modifiers/parallax.py:280: UserWarning: Overlap checking not implemented. Waiting for fix for https://github.com/pytroll/pyresample/issues/329
  return self.corrected_area(cth_dataset, **kwargs)
/home/Daniele/miniforge3/envs/satpy/lib/python3.10/site-packages/pyproj/crs/crs.py:1295: UserWarning: You will likely lose important projection information when converting to a PROJ string from another format. See: https://proj.org/faq.html#what-is-the-best-format-for-describing-coordinate-reference-systems
  proj = self._crs.to_proj4(version=version)
2025-07-24 16:22:47,695 INFO: Determine bucket resampling indices
2025-07-24 16:22:50,308 INFO: Get max of values in each location
2025-07-24 16:23:00,036 INFO: Get min of values in each location
